src/components/candidates/CandidateQuickView.tsx(1,1): error TS6133: 'useState' is declared but its value is never read.
src/components/ui/Header.tsx(7,25): error TS2307: Cannot find module '../services/api' or its corresponding type declarations.
src/components/ui/SiderBar.tsx(5,1): error TS6133: 'FiLogIn' is declared but its value is never read.
src/pages/CreateJob.tsx(3,1): error TS6133: 'ClipLoader' is declared but its value is never read.
src/pages/CreateJob.tsx(37,9): error TS6133: 'isLoadingStages' is declared but its value is never read.
src/pages/JobDetail.tsx(3,20): error TS2307: Cannot find module '../components/Header' or its corresponding type declarations.
src/pages/JobDetail.tsx(4,21): error TS2307: Cannot find module '../components/SiderBar' or its corresponding type declarations.
src/pages/JobDetail.tsx(28,48): error TS6133: 'isLoadingCandidates' is declared but its value is never read.
src/pages/JobList.tsx(5,1): error TS6133: 'ClipLoader' is declared but its value is never read.
src/pages/Register.tsx(2,20): error TS6133: 'useEffect' is declared but its value is never read.
src/pages/Register.tsx(18,9): error TS6133: 'navigate' is declared but its value is never read.
